╭─────────────────────╮╭───────────────────╮╭────────────────────╮╭────────────────╮╭───────────────────────────╮╭─────────╮╭─────────╮                                                                 
│ ComponentDefinition ││ AssessmentResults ││ SystemSecurityPlan ││ AssessmentPlan ││ PlanOfActionAndMilestones ││ Catalog ││ Profile │                                                                 
┘                     └┴───────────────────┴┴────────────────────┴┴────────────────┴┴───────────────────────────┴┴─────────┴┴─────────┴─────────────────────────────────────────────────────────────────
                                                                                                                   ←/h, →/l navigation • ctrl+v validate • tab/shift+tab switch models • ? toggle help
                      ╭────────────────────────────────────────╮                    ╭────────────────────────────────────────╮                                                                        
   Selected Component │lula - A9D5204C-7E5B-4C43-BD49-34DF759B…│ Selected Framework │https://github.com/defenseunicorns/lula │                                                                        
                      ╰────────────────────────────────────────╯                    ╰────────────────────────────────────────╯                                                                        
  ╭───────────────╮                               ╭─────────╮                                                                                                                                         
  │ Controls List ├─────────────────────────────╮ │ Remarks ├─────────────────────────────────────────────────────────────────────────────────────────────────────────────────────────────────────╮   
  ╰───────────────╯                               ╰─────────╯                                                                                                                                         
   │                                            │  │                                                                                                                                              │   
   │   1 item                                   │  │                                                                                                                                              │   
   │                                            │  │                                                                                                                                              │   
   │   ID-1                                     │  │                                                                                                                                              │   
   │   42C2FFDC-5F05-44DF-A67F-EEC8660AEFFD     │  │                                                                                                                                              │   
   │                                            │  │                                                                                                                                              │   
   │                                            │  │                                                                                                                                              │   
   │                                            │  │                                                                                                                                              │   
   │                                            │  │                                                                                                                                              │   
   │                                            │  ╰──────────────────────────────────────────────────────────────────────────────────────────────────────────────────────────────────────────────╯   
   │                                            │ ╭─────────────╮                                                                                                                                     
   │                                            │ │ Description ├─────────────────────────────────────────────────────────────────────────────────────────────────────────────────────────────────╮   
   │                                            │ ╰─────────────╯                                                                                                                                     
   │                                            │  │                                                                                                                                              │   
   │                                            │  │                                                                                                                                              │   
   │                                            │  │                                                                                                                                              │   
   │                                            │  │                                                                                                                                              │   
   │                                            │  │                                                                                                                                              │   
   │                                            │  │                                                                                                                                              │   
   │                                            │  │                                                                                                                                              │   
   │                                            │  │                                                                                                                                              │   
   │                                            │  │                                                                                                                                              │   
   │                                            │  ╰──────────────────────────────────────────────────────────────────────────────────────────────────────────────────────────────────────────────╯   
   │                                            │ ╭─────────────╮                                                                                                                                     
   │                                            │ │ Validations ├─────────────────────────────────────────────────────────────────────────────────────────────────────────────────────────────────╮   
   │                                            │ ╰─────────────╯                                                                                                                                     
   │                                            │  │                                                                                                                                              │   
   │                                            │  │   No items                                                                                                                                   │   
   │                                            │  │                                                                                                                                              │   
   │                                            │  │ No items.                                                                                                                                    │   
   │                                            │  │                                                                                                                                              │   
   │                                            │  │                                                                                                                                              │   
   │                                            │  │                                                                                                                                              │   
   │                                            │  │                                                                                                                                              │   
   │                                            │  │                                                                                                                                              │   
   │                                            │  │                                                                                                                                              │   
   │                                            │  │                                                                                                                                              │   
   │                                            │  │                                                                                                                                              │   
   │                                            │  │                                                                                                                                              │   
   │                                            │  │                                                                                                                                              │   
   │                                            │  │                                                                                                                                              │   
   │                                            │  │                                                                                                                                              │   
   │                                            │  │                                                                                                                                              │   
   │                                            │  │                                                                                                                                              │   
   │                                            │  │                                                                                                                                              │   
   │                                            │  │                                                                                                                                              │   
   │                                            │  │                                                                                                                                              │   
   │                                            │  │                                                                                                                                              │   
   ╰────────────────────────────────────────────╯  ╰──────────────────────────────────────────────────────────────────────────────────────────────────────────────────────────────────────────────╯   