component-definition:
  back-matter:
    resources:
      - description: |
          domain:
            kubernetes-spec:
              create-resources: null
              resources:
              - description: ""
                name: podvt
                resource-rule:
                  group: ""
                  name: '{{ .const.resources.name }}'
                  namespaces:
                  - '{{ .const.resources.namespace }}'
                  resource: pods
                  version: v1
            type: kubernetes
          lula-version: ""
          metadata:
            name: Test validation with templating
            uuid: XXX
          provider:
            opa-spec:
              rego: |
                package validate
                import rego.v1

                # Default values
                default validate := false
                default msg := "Not evaluated"

                # Validation result
                validate if {
                  { "one", "two", "three" } == { {{ .const.resources.exemptions | concatToRegoList }} }
                  "{{ .var.some_env_var }}" == "my-env-var"
                  "{{ .var.some_lula_secret }}" == "********"
                }
                msg = validate.msg

                value_of_my_secret := {{ .var.some_lula_secret }}
            type: opa
        title: Test validation with templating
        uuid: XXX
  components:
    - control-implementations:
        - description: Validate generic security requirements
          implemented-requirements:
            - control-id: ID-1
              description: This control validates that the demo-pod pod in the validation-test namespace contains the required pod label foo=bar in order to establish compliance.
              links:
                - href: '#458d2d84-b7f2-4679-8964-6f9a9dfe51eb'
                  rel: lula
                  text: local path template validation
              uuid: XXX
          source: https://raw.githubusercontent.com/usnistgov/oscal-content/master/nist.gov/SP800-53/rev5/json/NIST_SP-800-53_rev5_catalog.json
          uuid: XXX
      description: |
        Lula - the Compliance Validator
      purpose: Validate compliance controls
      responsible-roles:
        - party-uuids:
            - C18F4A9F-A402-415B-8D13-B51739D689FF
          role-id: provider
      title: lula
      type: software
      uuid: XXX
  metadata:
    last-modified: XXX
    oscal-version: 1.1.2
    parties:
      - links:
          - href: https://github.com/defenseunicorns/lula
            rel: website
        name: Lula Development
        type: organization
        uuid: XXX
    title: Lula Demo
    version: "20220913"
  uuid: XXX
