                                                                                                                 ←/h, →/l navigation • ctrl+v validate • tab/shift+tab switch models • ? toggle help
                    ╭────────────────────────────────────────╮                    ╭────────────────────────────────────────╮                                                                        
 Selected Component │Component Title - e8011225-75bc-43e5-98…│ Selected Framework │https://raw.githubusercontent.com/usnis…│                                                                        
                    ╰────────────────────────────────────────╯                    ╰────────────────────────────────────────╯                                                                        
╭───────────────╮                               ╭─────────╮                                                                                                                                         
│ Controls List ├─────────────────────────────╮ │ Remarks ├─────────────────────────────────────────────────────────────────────────────────────────────────────────────────────────────────────╮   
╰───────────────╯                               ╰─────────╯                                                                                                                                         
 │                                            │  │                                                                                                                                              │   
 │   4 items                                  │  │                                                                                                                                              │   
 │                                            │  │                                                                                                                                              │   
 │   ac-1                                     │  │                                                                                                                                              │   
 │   84517036-ea65-4bfa-992d-f89a1b0d9822     │  │                                                                                                                                              │   
 │                                            │  │                                                                                                                                              │   
 │   ac-3                                     │  │                                                                                                                                              │   
 │   0d4fe96a-df1c-4199-87eb-cf0c1385e9ab     │  │                                                                                                                                              │   
 │                                            │  │                                                                                                                                              │   
 │   ac-3.2                                   │  ╰──────────────────────────────────────────────────────────────────────────────────────────────────────────────────────────────────────────────╯   
 │   2131d7da-19a3-462f-a0bd-2345e5098ea5     │ ╭─────────────╮                                                                                                                                     
 │                                            │ │ Description ├─────────────────────────────────────────────────────────────────────────────────────────────────────────────────────────────────╮   
 │   ac-4                                     │ ╰─────────────╯                                                                                                                                     
 │   3ee0aedf-d047-4902-9d77-4d7f0072f213     │  │                                                                                                                                              │   
 │                                            │  │                                                                                                                                              │   
 │                                            │  │                                                                                                                                              │   
 │                                            │  │                                                                                                                                              │   
 │                                            │  │                                                                                                                                              │   
 │                                            │  │                                                                                                                                              │   
 │                                            │  │                                                                                                                                              │   
 │                                            │  │                                                                                                                                              │   
 │                                            │  │                                                                                                                                              │   
 │                                            │  ╰──────────────────────────────────────────────────────────────────────────────────────────────────────────────────────────────────────────────╯   
 │                                            │ ╭─────────────╮                                                                                                                                     
 │                                            │ │ Validations ├─────────────────────────────────────────────────────────────────────────────────────────────────────────────────────────────────╮   
 │                                            │ ╰─────────────╯                                                                                                                                     
 │                                            │  │                                                                                                                                              │   
 │                                            │  │   No items                                                                                                                                   │   
 │                                            │  │                                                                                                                                              │   
 │                                            │  │ No items.                                                                                                                                    │   
 │                                            │  │                                                                                                                                              │   
 │                                            │  │                                                                                                                                              │   
 │                                            │  │                                                                                                                                              │   
 │                                            │  │                                                                                                                                              │   
 │                                            │  │                                                                                                                                              │   
 │                                            │  │                                                                                                                                              │   
 │                                            │  │                                                                                                                                              │   
 │                                            │  │                                                                                                                                              │   
 │                                            │  │                                                                                                                                              │   
 │                                            │  │                                                                                                                                              │   
 │                                            │  │                                                                                                                                              │   
 │                                            │  │                                                                                                                                              │   
 │                                            │  │                                                                                                                                              │   
 │                                            │  │                                                                                                                                              │   
 │                                            │  │                                                                                                                                              │   
 │                                            │  │                                                                                                                                              │   
 │                                            │  │                                                                                                                                              │   
 │                                            │  │                                                                                                                                              │   
 ╰────────────────────────────────────────────╯  ╰──────────────────────────────────────────────────────────────────────────────────────────────────────────────────────────────────────────────╯   