  •  Log level set to info

 NOTE  Saving log file to /tmp/lula-2024-10-07-20-16-23-2389438718.log
  •  Fetching or reading file ../../unit/common/oscal/valid-multi-component-validations.yaml
  •  Fetching or reading file ../../unit/common/oscal/valid-multi-component-validations.yaml
  •  Fetching or reading file ../../unit/common/oscal/valid-multi-component-validations.yaml
  •  Reading OSCAL model from file
  •  Reading OSCAL model from file
  •  Determining OSCAL model type
  •  Determining OSCAL model type
  •  Generating report...
  •  Title: Component Title

Control Source                                                                                           | Number of Controls
https://raw.githubusercontent.com/usnistgov/oscal-                                                       | 6
content/main/nist.gov/SP800-53/rev4/yaml/NIST_SP-800-53_rev4_HIGH-baseline-resolved-profile_catalog.yaml |
------------------------------------------------------
------------------------------------------------------
-----------------
rev4                                                                                                     | 6
------------------------------------------------------
------------------------------------------------------
-----------------
https://raw.githubusercontent.com/usnistgov/oscal-                                                       | 6
content/main/nist.gov/SP800-53/rev5/yaml/NIST_SP-800-53_rev5_HIGH-baseline-resolved-profile_catalog.yaml |
------------------------------------------------------
------------------------------------------------------
-----------------
rev5                                                                                                     | 6
------------------------------------------------------
------------------------------------------------------
-----------------


Framework | Number of Controls

  •  Determining OSCAL model type
  •  Successfully processed OSCAL model: component
